// Jest Snapshot v1, https://goo.gl/fbAQLP

exports[`EventListScreen Renders correctly 1`] = `
<View
  style={
    [
      {
        "backgroundColor": "#FFFFFF",
        "bottom": 0,
        "flex": 1,
        "justifyContent": "center",
        "left": 0,
        "position": "absolute",
        "right": 0,
        "top": 0,
      },
      {
        "marginTop": undefined,
      },
    ]
  }
>
  <View
    style={
      {
        "alignItems": "center",
        "flexDirection": "row",
        "height": 48,
        "justifyContent": "center",
      }
    }
  >
    <Image
      source={
        {
          "testUri": "../../../src/img/avo_logo.png",
        }
      }
    />
    <View
      accessibilityState={
        {
          "busy": undefined,
          "checked": undefined,
          "disabled": undefined,
          "expanded": undefined,
          "selected": undefined,
        }
      }
      accessibilityValue={
        {
          "max": undefined,
          "min": undefined,
          "now": undefined,
          "text": undefined,
        }
      }
      accessible={true}
      collapsable={false}
      focusable={true}
      onClick={[Function]}
      onResponderGrant={[Function]}
      onResponderMove={[Function]}
      onResponderRelease={[Function]}
      onResponderTerminate={[Function]}
      onResponderTerminationRequest={[Function]}
      onStartShouldSetResponder={[Function]}
      style={
        {
          "height": 48,
          "opacity": 1,
          "position": "absolute",
          "right": 0,
          "top": 0,
          "width": 48,
        }
      }
    >
      <Image
        source={
          {
            "testUri": "../../../src/img/close_button.png",
          }
        }
        style={
          {
            "height": 10,
            "marginLeft": 19,
            "marginTop": 19,
            "width": 10,
          }
        }
      />
    </View>
  </View>
  <View
    style={
      {
        "alignSelf": "stretch",
        "backgroundColor": "#E3E3E3",
        "height": 1,
      }
    }
  />
  <RCTScrollView
    data={
      [
        {
          "eventProps": [
            {
              "id": "id0",
              "name": "prop 0 name",
              "value": "val 0",
            },
            {
              "id": "id1",
              "name": "prop 1 name",
              "value": "val 1",
            },
          ],
          "id": "id-2",
          "key": "key-2",
          "messages": [
            {
              "message": "error in prop 0 with id0",
              "propertyId": "id0",
            },
          ],
          "name": "test-name",
          "timestamp": 1602799200000,
          "userProps": [],
        },
        {
          "eventProps": [
            {
              "id": "id0",
              "name": "prop 0 name",
              "value": "val 0",
            },
            {
              "id": "id1",
              "name": "prop 1 name",
              "value": "val 1",
            },
          ],
          "id": "id-0",
          "key": "key-0",
          "messages": [
            {
              "message": "error in prop 0 with id0",
              "propertyId": "id0",
            },
          ],
          "name": "test-name",
          "timestamp": 1602756276000,
          "userProps": [],
        },
        {
          "eventProps": [
            {
              "id": "id0",
              "name": "prop 0 name",
              "value": "val 0",
            },
            {
              "id": "id1",
              "name": "prop 1 name",
              "value": "val 1",
            },
          ],
          "id": "id-1",
          "key": "key-1",
          "messages": [
            {
              "message": "error in prop 0 with id0",
              "propertyId": "id0",
            },
          ],
          "name": "test-name",
          "timestamp": 1602756275000,
          "userProps": [],
        },
      ]
    }
    getItem={[Function]}
    getItemCount={[Function]}
    keyExtractor={[Function]}
    onContentSizeChange={[Function]}
    onLayout={[Function]}
    onMomentumScrollBegin={[Function]}
    onMomentumScrollEnd={[Function]}
    onScroll={[Function]}
    onScrollBeginDrag={[Function]}
    onScrollEndDrag={[Function]}
    removeClippedSubviews={false}
    renderItem={[Function]}
    scrollEventThrottle={0.0001}
    stickyHeaderIndices={[]}
    style={
      {
        "backgroundColor": "#FFFFFF",
      }
    }
    viewabilityConfigCallbackPairs={[]}
  >
    <View>
      <View
        onFocusCapture={[Function]}
        onLayout={[Function]}
        style={null}
      >
        <View
          style={
            [
              {
                "alignItems": "center",
                "flex": 1,
              },
              {
                "backgroundColor": "#FFFFFF",
              },
            ]
          }
        >
          <View
            accessibilityState={
              {
                "busy": undefined,
                "checked": undefined,
                "disabled": undefined,
                "expanded": undefined,
                "selected": undefined,
              }
            }
            accessibilityValue={
              {
                "max": undefined,
                "min": undefined,
                "now": undefined,
                "text": undefined,
              }
            }
            accessible={true}
            collapsable={false}
            focusable={true}
            onClick={[Function]}
            onResponderGrant={[Function]}
            onResponderMove={[Function]}
            onResponderRelease={[Function]}
            onResponderTerminate={[Function]}
            onResponderTerminationRequest={[Function]}
            onStartShouldSetResponder={[Function]}
            style={
              {
                "alignItems": "center",
                "flex": 1,
                "flexDirection": "row",
                "height": 52,
                "opacity": 1,
              }
            }
          >
            <Image
              source={
                {
                  "testUri": "../../../src/img/red_warning.png",
                }
              }
              style={
                {
                  "height": 16,
                  "margin": 16,
                  "resizeMode": "contain",
                  "width": 16,
                }
              }
            />
            <View
              style={
                {
                  "flex": 1,
                  "marginLeft": 8,
                }
              }
            >
              <Text
                style={
                  [
                    {
                      "fontSize": 8,
                      "fontWeight": "bold",
                      "textAlignVertical": "center",
                    },
                    {
                      "color": "#666666",
                    },
                  ]
                }
              >
                00:00:00.000
              </Text>
              <Text
                style={
                  [
                    {
                      "fontSize": 16,
                      "fontWeight": "bold",
                      "textAlignVertical": "center",
                    },
                    {
                      "color": "#D94553",
                    },
                  ]
                }
              >
                test-name
              </Text>
            </View>
            <Image
              source={
                {
                  "testUri": "../../../src/img/collapse_arrow.png",
                }
              }
              style={
                {
                  "height": 6,
                  "margin": 19,
                  "width": 10,
                }
              }
            />
          </View>
          <View
            style={
              {
                "alignSelf": "stretch",
                "marginEnd": 16,
                "marginStart": 16,
              }
            }
          >
            <View
              style={
                {
                  "flexDirection": "column",
                }
              }
            >
              <View
                style={
                  {
                    "alignItems": "center",
                    "flexDirection": "row",
                    "height": 32,
                    "justifyContent": "space-between",
                  }
                }
              >
                <Text
                  style={
                    [
                      {
                        "fontSize": 12,
                        "fontWeight": "bold",
                      },
                      {
                        "color": "#D94553",
                      },
                    ]
                  }
                >
                  prop 0 name
                </Text>
                <Text
                  style={
                    [
                      {
                        "fontSize": 12,
                      },
                      {
                        "color": "#D94553",
                      },
                    ]
                  }
                >
                  val 0
                </Text>
              </View>
              <Text
                style={
                  {
                    "color": "#D94553",
                    "fontSize": 10,
                    "marginBottom": 16,
                  }
                }
              >
                error in prop 0 with id0
              </Text>
            </View>
            <View
              style={
                {
                  "alignSelf": "stretch",
                  "backgroundColor": "#E3E3E3",
                  "height": 1,
                }
              }
            />
            <View
              style={
                {
                  "flexDirection": "column",
                }
              }
            >
              <View
                style={
                  {
                    "alignItems": "center",
                    "flexDirection": "row",
                    "height": 32,
                    "justifyContent": "space-between",
                  }
                }
              >
                <Text
                  style={
                    [
                      {
                        "fontSize": 12,
                        "fontWeight": "bold",
                      },
                      {
                        "color": "#333333",
                      },
                    ]
                  }
                >
                  prop 1 name
                </Text>
                <Text
                  style={
                    [
                      {
                        "fontSize": 12,
                      },
                      {
                        "color": "#333333",
                      },
                    ]
                  }
                >
                  val 1
                </Text>
              </View>
            </View>
          </View>
          <View
            style={
              {
                "alignSelf": "stretch",
                "backgroundColor": "#E3E3E3",
                "height": 1,
              }
            }
          />
        </View>
      </View>
      <View
        onFocusCapture={[Function]}
        onLayout={[Function]}
        style={null}
      >
        <View
          style={
            [
              {
                "alignItems": "center",
                "flex": 1,
              },
              {
                "backgroundColor": "#FFFFFF",
              },
            ]
          }
        >
          <View
            accessibilityState={
              {
                "busy": undefined,
                "checked": undefined,
                "disabled": undefined,
                "expanded": undefined,
                "selected": undefined,
              }
            }
            accessibilityValue={
              {
                "max": undefined,
                "min": undefined,
                "now": undefined,
                "text": undefined,
              }
            }
            accessible={true}
            collapsable={false}
            focusable={true}
            onClick={[Function]}
            onResponderGrant={[Function]}
            onResponderMove={[Function]}
            onResponderRelease={[Function]}
            onResponderTerminate={[Function]}
            onResponderTerminationRequest={[Function]}
            onStartShouldSetResponder={[Function]}
            style={
              {
                "alignItems": "center",
                "flex": 1,
                "flexDirection": "row",
                "height": 52,
                "opacity": 1,
              }
            }
          >
            <Image
              source={
                {
                  "testUri": "../../../src/img/red_warning.png",
                }
              }
              style={
                {
                  "height": 16,
                  "margin": 16,
                  "resizeMode": "contain",
                  "width": 16,
                }
              }
            />
            <View
              style={
                {
                  "flex": 1,
                  "marginLeft": 8,
                }
              }
            >
              <Text
                style={
                  [
                    {
                      "fontSize": 8,
                      "fontWeight": "bold",
                      "textAlignVertical": "center",
                    },
                    {
                      "color": "#666666",
                    },
                  ]
                }
              >
                12:04:36.000
              </Text>
              <Text
                style={
                  [
                    {
                      "fontSize": 16,
                      "fontWeight": "bold",
                      "textAlignVertical": "center",
                    },
                    {
                      "color": "#D94553",
                    },
                  ]
                }
              >
                test-name
              </Text>
            </View>
            <Image
              source={
                {
                  "testUri": "../../../src/img/collapse_arrow.png",
                }
              }
              style={
                {
                  "height": 6,
                  "margin": 19,
                  "width": 10,
                }
              }
            />
          </View>
          <View
            style={
              {
                "alignSelf": "stretch",
                "marginEnd": 16,
                "marginStart": 16,
              }
            }
          >
            <View
              style={
                {
                  "flexDirection": "column",
                }
              }
            >
              <View
                style={
                  {
                    "alignItems": "center",
                    "flexDirection": "row",
                    "height": 32,
                    "justifyContent": "space-between",
                  }
                }
              >
                <Text
                  style={
                    [
                      {
                        "fontSize": 12,
                        "fontWeight": "bold",
                      },
                      {
                        "color": "#D94553",
                      },
                    ]
                  }
                >
                  prop 0 name
                </Text>
                <Text
                  style={
                    [
                      {
                        "fontSize": 12,
                      },
                      {
                        "color": "#D94553",
                      },
                    ]
                  }
                >
                  val 0
                </Text>
              </View>
              <Text
                style={
                  {
                    "color": "#D94553",
                    "fontSize": 10,
                    "marginBottom": 16,
                  }
                }
              >
                error in prop 0 with id0
              </Text>
            </View>
            <View
              style={
                {
                  "alignSelf": "stretch",
                  "backgroundColor": "#E3E3E3",
                  "height": 1,
                }
              }
            />
            <View
              style={
                {
                  "flexDirection": "column",
                }
              }
            >
              <View
                style={
                  {
                    "alignItems": "center",
                    "flexDirection": "row",
                    "height": 32,
                    "justifyContent": "space-between",
                  }
                }
              >
                <Text
                  style={
                    [
                      {
                        "fontSize": 12,
                        "fontWeight": "bold",
                      },
                      {
                        "color": "#333333",
                      },
                    ]
                  }
                >
                  prop 1 name
                </Text>
                <Text
                  style={
                    [
                      {
                        "fontSize": 12,
                      },
                      {
                        "color": "#333333",
                      },
                    ]
                  }
                >
                  val 1
                </Text>
              </View>
            </View>
          </View>
          <View
            style={
              {
                "alignSelf": "stretch",
                "backgroundColor": "#E3E3E3",
                "height": 1,
              }
            }
          />
        </View>
      </View>
      <View
        onFocusCapture={[Function]}
        onLayout={[Function]}
        style={null}
      >
        <View
          style={
            [
              {
                "alignItems": "center",
                "flex": 1,
              },
              {
                "backgroundColor": "#FFFFFF",
              },
            ]
          }
        >
          <View
            accessibilityState={
              {
                "busy": undefined,
                "checked": undefined,
                "disabled": undefined,
                "expanded": undefined,
                "selected": undefined,
              }
            }
            accessibilityValue={
              {
                "max": undefined,
                "min": undefined,
                "now": undefined,
                "text": undefined,
              }
            }
            accessible={true}
            collapsable={false}
            focusable={true}
            onClick={[Function]}
            onResponderGrant={[Function]}
            onResponderMove={[Function]}
            onResponderRelease={[Function]}
            onResponderTerminate={[Function]}
            onResponderTerminationRequest={[Function]}
            onStartShouldSetResponder={[Function]}
            style={
              {
                "alignItems": "center",
                "flex": 1,
                "flexDirection": "row",
                "height": 52,
                "opacity": 1,
              }
            }
          >
            <Image
              source={
                {
                  "testUri": "../../../src/img/red_warning.png",
                }
              }
              style={
                {
                  "height": 16,
                  "margin": 16,
                  "resizeMode": "contain",
                  "width": 16,
                }
              }
            />
            <View
              style={
                {
                  "flex": 1,
                  "marginLeft": 8,
                }
              }
            >
              <Text
                style={
                  [
                    {
                      "fontSize": 8,
                      "fontWeight": "bold",
                      "textAlignVertical": "center",
                    },
                    {
                      "color": "#666666",
                    },
                  ]
                }
              >
                12:04:35.000
              </Text>
              <Text
                style={
                  [
                    {
                      "fontSize": 16,
                      "fontWeight": "bold",
                      "textAlignVertical": "center",
                    },
                    {
                      "color": "#D94553",
                    },
                  ]
                }
              >
                test-name
              </Text>
            </View>
            <Image
              source={
                {
                  "testUri": "../../../src/img/collapse_arrow.png",
                }
              }
              style={
                {
                  "height": 6,
                  "margin": 19,
                  "width": 10,
                }
              }
            />
          </View>
          <View
            style={
              {
                "alignSelf": "stretch",
                "marginEnd": 16,
                "marginStart": 16,
              }
            }
          >
            <View
              style={
                {
                  "flexDirection": "column",
                }
              }
            >
              <View
                style={
                  {
                    "alignItems": "center",
                    "flexDirection": "row",
                    "height": 32,
                    "justifyContent": "space-between",
                  }
                }
              >
                <Text
                  style={
                    [
                      {
                        "fontSize": 12,
                        "fontWeight": "bold",
                      },
                      {
                        "color": "#D94553",
                      },
                    ]
                  }
                >
                  prop 0 name
                </Text>
                <Text
                  style={
                    [
                      {
                        "fontSize": 12,
                      },
                      {
                        "color": "#D94553",
                      },
                    ]
                  }
                >
                  val 0
                </Text>
              </View>
              <Text
                style={
                  {
                    "color": "#D94553",
                    "fontSize": 10,
                    "marginBottom": 16,
                  }
                }
              >
                error in prop 0 with id0
              </Text>
            </View>
            <View
              style={
                {
                  "alignSelf": "stretch",
                  "backgroundColor": "#E3E3E3",
                  "height": 1,
                }
              }
            />
            <View
              style={
                {
                  "flexDirection": "column",
                }
              }
            >
              <View
                style={
                  {
                    "alignItems": "center",
                    "flexDirection": "row",
                    "height": 32,
                    "justifyContent": "space-between",
                  }
                }
              >
                <Text
                  style={
                    [
                      {
                        "fontSize": 12,
                        "fontWeight": "bold",
                      },
                      {
                        "color": "#333333",
                      },
                    ]
                  }
                >
                  prop 1 name
                </Text>
                <Text
                  style={
                    [
                      {
                        "fontSize": 12,
                      },
                      {
                        "color": "#333333",
                      },
                    ]
                  }
                >
                  val 1
                </Text>
              </View>
            </View>
          </View>
          <View
            style={
              {
                "alignSelf": "stretch",
                "backgroundColor": "#E3E3E3",
                "height": 1,
              }
            }
          />
        </View>
      </View>
    </View>
  </RCTScrollView>
</View>
`;
